[0.315s] DEBUG:colcon:Command line arguments: ['/usr/bin/colcon', '--log-base', 'log_runtime', 'build', '--build-base', 'build_runtime', '--install-base', 'install_runtime', '--symlink-install', '--packages-select', 'cooperative_parking_robot', '--allow-overriding', 'cooperative_parking_robot']
[0.315s] DEBUG:colcon:Parsed command line arguments: Namespace(log_base='log_runtime', log_level=None, verb_name='build', build_base='/home/guitest/parkingbot/ros2/build_runtime', install_base='/home/guitest/parkingbot/ros2/install_runtime', merge_install=False, symlink_install=True, test_result_base=None, continue_on_error=False, executor='parallel', parallel_workers=6, event_handlers=None, ignore_user_meta=False, metas=['./colcon.meta'], base_paths=['.'], packages_ignore=None, packages_ignore_regex=None, paths=None, packages_up_to=None, packages_up_to_regex=None, packages_above=None, packages_above_and_dependencies=None, packages_above_depth=None, packages_select_by_dep=None, packages_skip_by_dep=None, packages_skip_up_to=None, packages_select_build_failed=False, packages_skip_build_finished=False, packages_select_test_failures=False, packages_skip_test_passed=False, packages_select=['cooperative_parking_robot'], packages_skip=None, packages_select_regex=None, packages_skip_regex=None, packages_start=None, packages_end=None, allow_overriding=['cooperative_parking_robot'], cmake_args=None, cmake_target=None, cmake_target_skip_unavailable=False, cmake_clean_cache=False, cmake_clean_first=False, cmake_force_configure=False, ament_cmake_args=None, catkin_cmake_args=None, catkin_skip_building_tests=False, mixin_files=None, mixin=None, verb_parser=<colcon_mixin.mixin.mixin_argument.MixinArgumentDecorator object at 0xffff94d84670>, verb_extension=<colcon_core.verb.build.BuildVerb object at 0xffff94d840d0>, main=<bound method BuildVerb.main of <colcon_core.verb.build.BuildVerb object at 0xffff94d840d0>>, mixin_verb=('build',))
[0.439s] Level 1:colcon.colcon_core.package_discovery:discover_packages(colcon_meta) check parameters
[0.439s] Level 1:colcon.colcon_core.package_discovery:discover_packages(recursive) check parameters
[0.440s] Level 1:colcon.colcon_core.package_discovery:discover_packages(ignore) check parameters
[0.440s] Level 1:colcon.colcon_core.package_discovery:discover_packages(path) check parameters
[0.440s] Level 1:colcon.colcon_core.package_discovery:discover_packages(colcon_meta) discover
[0.440s] Level 1:colcon.colcon_core.package_discovery:discover_packages(recursive) discover
[0.440s] INFO:colcon.colcon_core.package_discovery:Crawling recursively for packages in '/home/guitest/parkingbot/ros2'
[0.440s] Level 1:colcon.colcon_core.package_identification:_identify(.) by extensions ['ignore', 'ignore_ament_install']
[0.441s] Level 1:colcon.colcon_core.package_identification:_identify(.) by extension 'ignore'
[0.441s] Level 1:colcon.colcon_core.package_identification:_identify(.) by extension 'ignore_ament_install'
[0.441s] Level 1:colcon.colcon_core.package_identification:_identify(.) by extensions ['colcon_pkg']
[0.441s] Level 1:colcon.colcon_core.package_identification:_identify(.) by extension 'colcon_pkg'
[0.441s] Level 1:colcon.colcon_core.package_identification:_identify(.) by extensions ['colcon_meta']
[0.441s] Level 1:colcon.colcon_core.package_identification:_identify(.) by extension 'colcon_meta'
[0.442s] Level 1:colcon.colcon_core.package_identification:_identify(.) by extensions ['ros']
[0.442s] Level 1:colcon.colcon_core.package_identification:_identify(.) by extension 'ros'
[0.481s] Level 1:colcon.colcon_core.package_identification:_identify(.) by extensions ['cmake', 'python']
[0.481s] Level 1:colcon.colcon_core.package_identification:_identify(.) by extension 'cmake'
[0.481s] Level 1:colcon.colcon_core.package_identification:_identify(.) by extension 'python'
[0.482s] Level 1:colcon.colcon_core.package_identification:_identify(.) by extensions ['python_setup_py']
[0.482s] Level 1:colcon.colcon_core.package_identification:_identify(.) by extension 'python_setup_py'
[0.482s] Level 1:colcon.colcon_core.package_identification:_identify(build) by extensions ['ignore', 'ignore_ament_install']
[0.483s] Level 1:colcon.colcon_core.package_identification:_identify(build) by extension 'ignore'
[0.483s] Level 1:colcon.colcon_core.package_identification:_identify(build) ignored
[0.483s] Level 1:colcon.colcon_core.package_identification:_identify(build_runtime) by extensions ['ignore', 'ignore_ament_install']
[0.483s] Level 1:colcon.colcon_core.package_identification:_identify(build_runtime) by extension 'ignore'
[0.483s] Level 1:colcon.colcon_core.package_identification:_identify(build_runtime) ignored
[0.484s] Level 1:colcon.colcon_core.package_identification:_identify(cooperative_parking_robot) by extensions ['ignore', 'ignore_ament_install']
[0.484s] Level 1:colcon.colcon_core.package_identification:_identify(cooperative_parking_robot) by extension 'ignore'
[0.484s] Level 1:colcon.colcon_core.package_identification:_identify(cooperative_parking_robot) by extension 'ignore_ament_install'
[0.484s] Level 1:colcon.colcon_core.package_identification:_identify(cooperative_parking_robot) by extensions ['colcon_pkg']
[0.484s] Level 1:colcon.colcon_core.package_identification:_identify(cooperative_parking_robot) by extension 'colcon_pkg'
[0.484s] Level 1:colcon.colcon_core.package_identification:_identify(cooperative_parking_robot) by extensions ['colcon_meta']
[0.484s] Level 1:colcon.colcon_core.package_identification:_identify(cooperative_parking_robot) by extension 'colcon_meta'
[0.485s] Level 1:colcon.colcon_core.package_identification:_identify(cooperative_parking_robot) by extensions ['ros']
[0.485s] Level 1:colcon.colcon_core.package_identification:_identify(cooperative_parking_robot) by extension 'ros'
[0.493s] DEBUG:colcon.colcon_core.package_identification:Package 'cooperative_parking_robot' with type 'ros.ament_python' and name 'cooperative_parking_robot'
[0.493s] Level 1:colcon.colcon_core.package_identification:_identify(install) by extensions ['ignore', 'ignore_ament_install']
[0.493s] Level 1:colcon.colcon_core.package_identification:_identify(install) by extension 'ignore'
[0.494s] Level 1:colcon.colcon_core.package_identification:_identify(install) ignored
[0.494s] Level 1:colcon.colcon_core.package_identification:_identify(install_runtime) by extensions ['ignore', 'ignore_ament_install']
[0.494s] Level 1:colcon.colcon_core.package_identification:_identify(install_runtime) by extension 'ignore'
[0.494s] Level 1:colcon.colcon_core.package_identification:_identify(install_runtime) ignored
[0.495s] Level 1:colcon.colcon_core.package_identification:_identify(log) by extensions ['ignore', 'ignore_ament_install']
[0.495s] Level 1:colcon.colcon_core.package_identification:_identify(log) by extension 'ignore'
[0.495s] Level 1:colcon.colcon_core.package_identification:_identify(log) ignored
[0.495s] Level 1:colcon.colcon_core.package_identification:_identify(log_runtime) by extensions ['ignore', 'ignore_ament_install']
[0.495s] Level 1:colcon.colcon_core.package_identification:_identify(log_runtime) by extension 'ignore'
[0.495s] Level 1:colcon.colcon_core.package_identification:_identify(log_runtime) ignored
[0.495s] Level 1:colcon.colcon_core.package_discovery:discover_packages(recursive) using defaults
[0.496s] Level 1:colcon.colcon_core.package_discovery:discover_packages(ignore) discover
[0.496s] Level 1:colcon.colcon_core.package_discovery:discover_packages(ignore) using defaults
[0.496s] Level 1:colcon.colcon_core.package_discovery:discover_packages(path) discover
[0.496s] Level 1:colcon.colcon_core.package_discovery:discover_packages(path) using defaults
[0.558s] Level 1:colcon.colcon_core.package_discovery:discover_packages(prefix_path) check parameters
[0.559s] Level 1:colcon.colcon_core.package_discovery:discover_packages(prefix_path) discover
[0.563s] DEBUG:colcon.colcon_installed_package_information.package_discovery:Found 2 installed packages in /home/guitest/ros2_ws/install
[0.566s] DEBUG:colcon.colcon_installed_package_information.package_discovery:Found 273 installed packages in /opt/ros/humble
[0.569s] Level 1:colcon.colcon_core.package_discovery:discover_packages(prefix_path) using defaults
[0.666s] Level 5:colcon.colcon_core.verb:set package 'cooperative_parking_robot' build argument 'cmake_args' from command line to 'None'
[0.666s] Level 5:colcon.colcon_core.verb:set package 'cooperative_parking_robot' build argument 'cmake_target' from command line to 'None'
[0.666s] Level 5:colcon.colcon_core.verb:set package 'cooperative_parking_robot' build argument 'cmake_target_skip_unavailable' from command line to 'False'
[0.667s] Level 5:colcon.colcon_core.verb:set package 'cooperative_parking_robot' build argument 'cmake_clean_cache' from command line to 'False'
[0.667s] Level 5:colcon.colcon_core.verb:set package 'cooperative_parking_robot' build argument 'cmake_clean_first' from command line to 'False'
[0.667s] Level 5:colcon.colcon_core.verb:set package 'cooperative_parking_robot' build argument 'cmake_force_configure' from command line to 'False'
[0.667s] Level 5:colcon.colcon_core.verb:set package 'cooperative_parking_robot' build argument 'ament_cmake_args' from command line to 'None'
[0.667s] Level 5:colcon.colcon_core.verb:set package 'cooperative_parking_robot' build argument 'catkin_cmake_args' from command line to 'None'
[0.667s] Level 5:colcon.colcon_core.verb:set package 'cooperative_parking_robot' build argument 'catkin_skip_building_tests' from command line to 'False'
[0.667s] DEBUG:colcon.colcon_core.verb:Building package 'cooperative_parking_robot' with the following arguments: {'ament_cmake_args': None, 'build_base': '/home/guitest/parkingbot/ros2/build_runtime/cooperative_parking_robot', 'catkin_cmake_args': None, 'catkin_skip_building_tests': False, 'cmake_args': None, 'cmake_clean_cache': False, 'cmake_clean_first': False, 'cmake_force_configure': False, 'cmake_target': None, 'cmake_target_skip_unavailable': False, 'install_base': '/home/guitest/parkingbot/ros2/install_runtime/cooperative_parking_robot', 'merge_install': False, 'path': '/home/guitest/parkingbot/ros2/cooperative_parking_robot', 'symlink_install': True, 'test_result_base': None}
[0.667s] INFO:colcon.colcon_core.executor:Executing jobs using 'parallel' executor
[0.671s] DEBUG:colcon.colcon_parallel_executor.executor.parallel:run_until_complete
[0.672s] INFO:colcon.colcon_ros.task.ament_python.build:Building ROS package in '/home/guitest/parkingbot/ros2/cooperative_parking_robot' with build type 'ament_python'
[0.673s] Level 1:colcon.colcon_core.shell:create_environment_hook('cooperative_parking_robot', 'ament_prefix_path')
[0.678s] INFO:colcon.colcon_core.plugin_system:Skipping extension 'colcon_core.shell.bat': Not used on non-Windows systems
[0.679s] INFO:colcon.colcon_core.shell:Creating environment hook '/home/guitest/parkingbot/ros2/install_runtime/cooperative_parking_robot/share/cooperative_parking_robot/hook/ament_prefix_path.ps1'
[0.683s] INFO:colcon.colcon_core.shell:Creating environment descriptor '/home/guitest/parkingbot/ros2/install_runtime/cooperative_parking_robot/share/cooperative_parking_robot/hook/ament_prefix_path.dsv'
[0.685s] INFO:colcon.colcon_core.shell:Creating environment hook '/home/guitest/parkingbot/ros2/install_runtime/cooperative_parking_robot/share/cooperative_parking_robot/hook/ament_prefix_path.sh'
[0.687s] INFO:colcon.colcon_core.shell:Skip shell extension 'powershell' for command environment: Not usable outside of PowerShell
[0.688s] DEBUG:colcon.colcon_core.shell:Skip shell extension 'dsv' for command environment
[31.434s] INFO:colcon.colcon_core.task.python.build:Building Python package in '/home/guitest/parkingbot/ros2/cooperative_parking_robot'
[31.436s] INFO:colcon.colcon_core.shell:Skip shell extension 'powershell' for command environment: Not usable outside of PowerShell
[31.436s] DEBUG:colcon.colcon_core.shell:Skip shell extension 'dsv' for command environment
[33.328s] DEBUG:colcon.colcon_core.task.python.build:Available setuptools commands: sdist, alias, extract_messages, develop, editable_wheel, init_catalog, clean, bdist_dumb, easy_install, bdist_egg, install_lib, build_clib, bdist, build_py, check, rotate, symlink_data, install_egg_info, bdist_rpm, build_ext, compile_catalog, install_headers, update_catalog, install_data, build_scripts, bdist_wheel, egg_info, saveopts, install, setopt, build, dist_info, install_scripts, nosetests
[34.489s] DEBUG:colcon.colcon_core.task.python.build:Available setuptools 'develop' options: --site-dirs, --index-url, --prefix, --install-dir, --optimize, --exclude-scripts, --no-deps, --uninstall, --script-dir, --no-user-cfg, --editable, --dry-run, --version, --always-copy, --multi-version, --allow-hosts, --no-find-links, --egg-path, --find-links, --build-directory, --record, --zip-ok, --upgrade, --quiet, --always-unzip, --local-snapshots-ok, --verbose, --user, --help
[34.503s] DEBUG:colcon.colcon_core.event_handler.log_command:Invoking command in '/home/guitest/parkingbot/ros2/build_runtime/cooperative_parking_robot': PYTHONPATH=/home/guitest/parkingbot/ros2/build_runtime/cooperative_parking_robot/prefix_override:/usr/lib/python3/dist-packages/colcon_core/task/python/colcon_distutils_commands:/home/guitest/parkingbot/ros2/install_runtime/cooperative_parking_robot/lib/python3.10/site-packages:${PYTHONPATH} /usr/bin/python3 -W ignore:setup.py install is deprecated -W ignore:easy_install command is deprecated setup.py develop --editable --build-directory /home/guitest/parkingbot/ros2/build_runtime/cooperative_parking_robot/build --no-deps symlink_data
[60.729s] Level 1:colcon.colcon_core.shell:create_environment_hook('cooperative_parking_robot', 'pythonpath_develop')
[60.730s] INFO:colcon.colcon_core.shell:Creating environment hook '/home/guitest/parkingbot/ros2/build_runtime/cooperative_parking_robot/share/cooperative_parking_robot/hook/pythonpath_develop.ps1'
[60.732s] DEBUG:colcon.colcon_core.event_handler.log_command:Invoked command in '/home/guitest/parkingbot/ros2/build_runtime/cooperative_parking_robot' returned '0': PYTHONPATH=/home/guitest/parkingbot/ros2/build_runtime/cooperative_parking_robot/prefix_override:/usr/lib/python3/dist-packages/colcon_core/task/python/colcon_distutils_commands:/home/guitest/parkingbot/ros2/install_runtime/cooperative_parking_robot/lib/python3.10/site-packages:${PYTHONPATH} /usr/bin/python3 -W ignore:setup.py install is deprecated -W ignore:easy_install command is deprecated setup.py develop --editable --build-directory /home/guitest/parkingbot/ros2/build_runtime/cooperative_parking_robot/build --no-deps symlink_data
[60.741s] INFO:colcon.colcon_core.shell:Creating environment descriptor '/home/guitest/parkingbot/ros2/build_runtime/cooperative_parking_robot/share/cooperative_parking_robot/hook/pythonpath_develop.dsv'
[60.744s] INFO:colcon.colcon_core.shell:Creating environment hook '/home/guitest/parkingbot/ros2/build_runtime/cooperative_parking_robot/share/cooperative_parking_robot/hook/pythonpath_develop.sh'
[60.764s] Level 1:colcon.colcon_core.environment:checking '/home/guitest/parkingbot/ros2/install_runtime/cooperative_parking_robot' for CMake module files
[60.767s] Level 1:colcon.colcon_core.environment:checking '/home/guitest/parkingbot/ros2/install_runtime/cooperative_parking_robot' for CMake config files
[60.773s] Level 1:colcon.colcon_core.environment:checking '/home/guitest/parkingbot/ros2/install_runtime/cooperative_parking_robot/lib'
[60.774s] Level 1:colcon.colcon_core.environment:checking '/home/guitest/parkingbot/ros2/install_runtime/cooperative_parking_robot/bin'
[60.774s] Level 1:colcon.colcon_core.environment:checking '/home/guitest/parkingbot/ros2/install_runtime/cooperative_parking_robot/lib/pkgconfig/cooperative_parking_robot.pc'
[60.775s] Level 1:colcon.colcon_core.environment:checking '/home/guitest/parkingbot/ros2/install_runtime/cooperative_parking_robot/lib/python3.10/site-packages'
[60.775s] Level 1:colcon.colcon_core.shell:create_environment_hook('cooperative_parking_robot', 'pythonpath')
[60.776s] INFO:colcon.colcon_core.shell:Creating environment hook '/home/guitest/parkingbot/ros2/install_runtime/cooperative_parking_robot/share/cooperative_parking_robot/hook/pythonpath.ps1'
[60.778s] INFO:colcon.colcon_core.shell:Creating environment descriptor '/home/guitest/parkingbot/ros2/install_runtime/cooperative_parking_robot/share/cooperative_parking_robot/hook/pythonpath.dsv'
[60.779s] INFO:colcon.colcon_core.shell:Creating environment hook '/home/guitest/parkingbot/ros2/install_runtime/cooperative_parking_robot/share/cooperative_parking_robot/hook/pythonpath.sh'
[60.781s] Level 1:colcon.colcon_core.environment:checking '/home/guitest/parkingbot/ros2/install_runtime/cooperative_parking_robot/bin'
[60.782s] Level 1:colcon.colcon_core.environment:create_environment_scripts_only(cooperative_parking_robot)
[60.784s] INFO:colcon.colcon_core.shell:Creating package script '/home/guitest/parkingbot/ros2/install_runtime/cooperative_parking_robot/share/cooperative_parking_robot/package.ps1'
[60.793s] INFO:colcon.colcon_core.shell:Creating package descriptor '/home/guitest/parkingbot/ros2/install_runtime/cooperative_parking_robot/share/cooperative_parking_robot/package.dsv'
[60.796s] INFO:colcon.colcon_core.shell:Creating package script '/home/guitest/parkingbot/ros2/install_runtime/cooperative_parking_robot/share/cooperative_parking_robot/package.sh'
[60.803s] INFO:colcon.colcon_core.shell:Creating package script '/home/guitest/parkingbot/ros2/install_runtime/cooperative_parking_robot/share/cooperative_parking_robot/package.bash'
[60.808s] INFO:colcon.colcon_core.shell:Creating package script '/home/guitest/parkingbot/ros2/install_runtime/cooperative_parking_robot/share/cooperative_parking_robot/package.zsh'
[60.813s] Level 1:colcon.colcon_core.environment:create_file_with_runtime_dependencies(/home/guitest/parkingbot/ros2/install_runtime/cooperative_parking_robot/share/colcon-core/packages/cooperative_parking_robot)
[60.818s] DEBUG:colcon.colcon_parallel_executor.executor.parallel:closing loop
[60.818s] DEBUG:colcon.colcon_parallel_executor.executor.parallel:loop closed
[60.818s] DEBUG:colcon.colcon_parallel_executor.executor.parallel:run_until_complete finished with '0'
[60.819s] DEBUG:colcon.colcon_core.event_reactor:joining thread
[60.820s] DEBUG:colcon.colcon_core.event_reactor:joined thread
[60.821s] INFO:colcon.colcon_core.shell:Creating prefix script '/home/guitest/parkingbot/ros2/install_runtime/local_setup.ps1'
[60.825s] INFO:colcon.colcon_core.shell:Creating prefix util module '/home/guitest/parkingbot/ros2/install_runtime/_local_setup_util_ps1.py'
[60.830s] INFO:colcon.colcon_core.shell:Creating prefix chain script '/home/guitest/parkingbot/ros2/install_runtime/setup.ps1'
[60.836s] INFO:colcon.colcon_core.shell:Creating prefix script '/home/guitest/parkingbot/ros2/install_runtime/local_setup.sh'
[60.838s] INFO:colcon.colcon_core.shell:Creating prefix util module '/home/guitest/parkingbot/ros2/install_runtime/_local_setup_util_sh.py'
[60.844s] INFO:colcon.colcon_core.shell:Creating prefix chain script '/home/guitest/parkingbot/ros2/install_runtime/setup.sh'
[60.853s] INFO:colcon.colcon_core.shell:Creating prefix script '/home/guitest/parkingbot/ros2/install_runtime/local_setup.bash'
[60.857s] INFO:colcon.colcon_core.shell:Creating prefix chain script '/home/guitest/parkingbot/ros2/install_runtime/setup.bash'
[60.861s] INFO:colcon.colcon_core.shell:Creating prefix script '/home/guitest/parkingbot/ros2/install_runtime/local_setup.zsh'
[60.863s] INFO:colcon.colcon_core.shell:Creating prefix chain script '/home/guitest/parkingbot/ros2/install_runtime/setup.zsh'
